<html><head><style my-custom>body .inline {
    background-color: red;
}</style></head><body><script my-custom>console.log('hello-inline');</script></body></html>