<html><head><link rel="stylesheet" href="/static/page1-8b866529.css"><link rel="shortcut icon" href="/static/favicon-c3deb101.ico"></head><body><img src="/static/marko-logo-314d77d4.png" width="240" height="200"><img src="/static/marko-logo-314d77d4.png" width="100" height="100"><script src="/static/page1-1097e0f6.js"></script></body></html>