<html><head><link rel="stylesheet" href="/static/page1.css"></head><body><script src="/static/page1.js"></script></body></html>