<html><head><link rel="stylesheet" href="/static/page1-8b866529.css">
<style nonce="abc">body .inline {
    background-color: red;
}</style><link rel="shortcut icon" href="/static/favicon-c3deb101.ico"></head><body><img src="/static/marko-logo-314d77d4.png" width="240" height="200"><img src="/static/marko-logo-314d77d4.png" width="100" height="100"><script foo="bar" nonce="abc">console.log('my inline script');</script><script src="/static/page1-1097e0f6.js"></script>
<script nonce="abc">console.log('hello-inline');</script></body></html>